{
    "last_updated":"2020-03-17T10:23:22.505550Z",
    "latest":1940,
    "locations":[
        {
            "coordinates":{
                "lat":"15",
                "long":"101"
            },
            "country":"Thailand",
            "country_code":"TH",
            "continent_codes_set":["ASI"],
            "history":{
                "1/22/20":2,
                "1/23/20":3,
                "1/24/20":5,
                "1/25/20":7,
                "1/26/20":8,
                "1/27/20":8,
                "1/28/20":14,
                "1/29/20":14,
                "1/30/20":14,
                "1/31/20":19,
                "2/1/20":19,
                "2/10/20":32,
                "2/11/20":33,
                "2/12/20":33,
                "2/13/20":33,
                "2/14/20":33,
                "2/15/20":33,
                "2/16/20":34,
                "2/17/20":35,
                "2/18/20":35,
                "2/19/20":35,
                "2/2/20":19,
                "2/20/20":35,
                "2/21/20":35,
                "2/22/20":35,
                "2/23/20":35,
                "2/24/20":35,
                "2/25/20":37,
                "2/26/20":40,
                "2/27/20":40,
                "2/28/20":41,
                "2/29/20":42,
                "2/3/20":19,
                "2/4/20":25,
                "2/5/20":25,
                "2/6/20":25,
                "2/7/20":25,
                "2/8/20":32,
                "2/9/20":32,
                "3/1/20":42,
                "3/10/20":53,
                "3/11/20":59,
                "3/12/20":70,
                "3/13/20":75,
                "3/14/20":82,
                "3/15/20":114,
                "3/2/20":43,
                "3/3/20":43,
                "3/4/20":43,
                "3/5/20":47,
                "3/6/20":48,
                "3/7/20":50,
                "3/8/20":50,
                "3/9/20":50
            },
            "latest":114,
            "province":""
        },
        {
            "coordinates":{
                "lat":"36",
                "long":"138"
            },
            "country":"Japan",
            "country_code":"JP",
            "continent_codes_set":["ASI"],
            "history":{
                "1/22/20":2,
                "1/23/20":1,
                "1/24/20":2,
                "1/25/20":2,
                "1/26/20":4,
                "1/27/20":4,
                "1/28/20":7,
                "1/29/20":7,
                "1/30/20":11,
                "1/31/20":15,
                "2/1/20":20,
                "2/10/20":26,
                "2/11/20":26,
                "2/12/20":28,
                "2/13/20":28,
                "2/14/20":29,
                "2/15/20":43,
                "2/16/20":59,
                "2/17/20":66,
                "2/18/20":74,
                "2/19/20":84,
                "2/2/20":20,
                "2/20/20":94,
                "2/21/20":105,
                "2/22/20":122,
                "2/23/20":147,
                "2/24/20":159,
                "2/25/20":170,
                "2/26/20":189,
                "2/27/20":214,
                "2/28/20":228,
                "2/29/20":241,
                "2/3/20":20,
                "2/4/20":22,
                "2/5/20":22,
                "2/6/20":45,
                "2/7/20":25,
                "2/8/20":25,
                "2/9/20":26,
                "3/1/20":256,
                "3/10/20":581,
                "3/11/20":639,
                "3/12/20":639,
                "3/13/20":701,
                "3/14/20":773,
                "3/15/20":839,
                "3/2/20":274,
                "3/3/20":293,
                "3/4/20":331,
                "3/5/20":360,
                "3/6/20":420,
                "3/7/20":461,
                "3/8/20":502,
                "3/9/20":511
            },
            "latest":839,
            "province":""
        },
        {
            "coordinates":{
                "lat":"1.2833",
                "long":"103.8333"
            },
            "country":"Singapore",
            "country_code":"SG",
            "continent_codes_set":["ASI"],
            "history":{
                "1/22/20":0,
                "1/23/20":1,
                "1/24/20":3,
                "1/25/20":3,
                "1/26/20":4,
                "1/27/20":5,
                "1/28/20":7,
                "1/29/20":7,
                "1/30/20":10,
                "1/31/20":13,
                "2/1/20":16,
                "2/10/20":45,
                "2/11/20":47,
                "2/12/20":50,
                "2/13/20":58,
                "2/14/20":67,
                "2/15/20":72,
                "2/16/20":75,
                "2/17/20":77,
                "2/18/20":81,
                "2/19/20":84,
                "2/2/20":18,
                "2/20/20":84,
                "2/21/20":85,
                "2/22/20":85,
                "2/23/20":89,
                "2/24/20":89,
                "2/25/20":91,
                "2/26/20":93,
                "2/27/20":93,
                "2/28/20":93,
                "2/29/20":102,
                "2/3/20":18,
                "2/4/20":24,
                "2/5/20":28,
                "2/6/20":28,
                "2/7/20":30,
                "2/8/20":33,
                "2/9/20":40,
                "3/1/20":106,
                "3/10/20":160,
                "3/11/20":178,
                "3/12/20":178,
                "3/13/20":200,
                "3/14/20":212,
                "3/15/20":226,
                "3/2/20":108,
                "3/3/20":110,
                "3/4/20":110,
                "3/5/20":117,
                "3/6/20":130,
                "3/7/20":138,
                "3/8/20":150,
                "3/9/20":150
            },
            "latest":226,
            "province":""
        },
        {
            "coordinates":{
                "lat":"28.1667",
                "long":"84.25"
            },
            "country":"Nepal",
            "country_code":"NP",
            "continent_codes_set":["ASI"],
            "history":{
                "1/22/20":0,
                "1/23/20":0,
                "1/24/20":0,
                "1/25/20":1,
                "1/26/20":1,
                "1/27/20":1,
                "1/28/20":1,
                "1/29/20":1,
                "1/30/20":1,
                "1/31/20":1,
                "2/1/20":1,
                "2/10/20":1,
                "2/11/20":1,
                "2/12/20":1,
                "2/13/20":1,
                "2/14/20":1,
                "2/15/20":1,
                "2/16/20":1,
                "2/17/20":1,
                "2/18/20":1,
                "2/19/20":1,
                "2/2/20":1,
                "2/20/20":1,
                "2/21/20":1,
                "2/22/20":1,
                "2/23/20":1,
                "2/24/20":1,
                "2/25/20":1,
                "2/26/20":1,
                "2/27/20":1,
                "2/28/20":1,
                "2/29/20":1,
                "2/3/20":1,
                "2/4/20":1,
                "2/5/20":1,
                "2/6/20":1,
                "2/7/20":1,
                "2/8/20":1,
                "2/9/20":1,
                "3/1/20":1,
                "3/10/20":1,
                "3/11/20":1,
                "3/12/20":1,
                "3/13/20":1,
                "3/14/20":1,
                "3/15/20":1,
                "3/2/20":1,
                "3/3/20":1,
                "3/4/20":1,
                "3/5/20":1,
                "3/6/20":1,
                "3/7/20":1,
                "3/8/20":1,
                "3/9/20":1
            },
            "latest":1,
            "province":""
        },
        {
            "coordinates":{
                "lat":"2.5",
                "long":"112.5"
            },
            "country":"Malaysia",
            "country_code":"MY",
            "continent_codes_set":["ASI"],
            "history":{
                "1/22/20":0,
                "1/23/20":0,
                "1/24/20":0,
                "1/25/20":3,
                "1/26/20":4,
                "1/27/20":4,
                "1/28/20":4,
                "1/29/20":7,
                "1/30/20":8,
                "1/31/20":8,
                "2/1/20":8,
                "2/10/20":18,
                "2/11/20":18,
                "2/12/20":18,
                "2/13/20":19,
                "2/14/20":19,
                "2/15/20":22,
                "2/16/20":22,
                "2/17/20":22,
                "2/18/20":22,
                "2/19/20":22,
                "2/2/20":8,
                "2/20/20":22,
                "2/21/20":22,
                "2/22/20":22,
                "2/23/20":22,
                "2/24/20":22,
                "2/25/20":22,
                "2/26/20":22,
                "2/27/20":23,
                "2/28/20":23,
                "2/29/20":25,
                "2/3/20":8,
                "2/4/20":10,
                "2/5/20":12,
                "2/6/20":12,
                "2/7/20":12,
                "2/8/20":16,
                "2/9/20":16,
                "3/1/20":29,
                "3/10/20":129,
                "3/11/20":149,
                "3/12/20":149,
                "3/13/20":197,
                "3/14/20":238,
                "3/15/20":428,
                "3/2/20":29,
                "3/3/20":36,
                "3/4/20":50,
                "3/5/20":50,
                "3/6/20":83,
                "3/7/20":93,
                "3/8/20":99,
                "3/9/20":117
            },
            "latest":428,
            "province":""
        },
        {
            "coordinates":{
                "lat":"49.2827",
                "long":"-123.1207"
            },
            "country":"Canada",
            "country_code":"CA",
            "continent_codes_set":["NAC"],
            "history":{
                "1/22/20":0,
                "1/23/20":0,
                "1/24/20":0,
                "1/25/20":0,
                "1/26/20":0,
                "1/27/20":0,
                "1/28/20":1,
                "1/29/20":1,
                "1/30/20":1,
                "1/31/20":1,
                "2/1/20":1,
                "2/10/20":4,
                "2/11/20":4,
                "2/12/20":4,
                "2/13/20":4,
                "2/14/20":4,
                "2/15/20":4,
                "2/16/20":4,
                "2/17/20":5,
                "2/18/20":5,
                "2/19/20":5,
                "2/2/20":1,
                "2/20/20":5,
                "2/21/20":6,
                "2/22/20":6,
                "2/23/20":6,
                "2/24/20":6,
                "2/25/20":7,
                "2/26/20":7,
                "2/27/20":7,
                "2/28/20":7,
                "2/29/20":8,
                "2/3/20":1,
                "2/4/20":1,
                "2/5/20":2,
                "2/6/20":2,
                "2/7/20":4,
                "2/8/20":4,
                "2/9/20":4,
                "3/1/20":8,
                "3/10/20":32,
                "3/11/20":39,
                "3/12/20":46,
                "3/13/20":64,
                "3/14/20":64,
                "3/15/20":73,
                "3/2/20":8,
                "3/3/20":9,
                "3/4/20":12,
                "3/5/20":13,
                "3/6/20":21,
                "3/7/20":21,
                "3/8/20":27,
                "3/9/20":32
            },
            "latest":73,
            "province":"British Columbia"
        },
        {
            "coordinates":{
                "lat":"-33.8688",
                "long":"151.2093"
            },
            "country":"Australia",
            "country_code":"AU",
            "continent_codes_set":["OCE"],
            "history":{
                "1/22/20":0,
                "1/23/20":0,
                "1/24/20":0,
                "1/25/20":0,
                "1/26/20":3,
                "1/27/20":4,
                "1/28/20":4,
                "1/29/20":4,
                "1/30/20":4,
                "1/31/20":4,
                "2/1/20":4,
                "2/10/20":4,
                "2/11/20":4,
                "2/12/20":4,
                "2/13/20":4,
                "2/14/20":4,
                "2/15/20":4,
                "2/16/20":4,
                "2/17/20":4,
                "2/18/20":4,
                "2/19/20":4,
                "2/2/20":4,
                "2/20/20":4,
                "2/21/20":4,
                "2/22/20":4,
                "2/23/20":4,
                "2/24/20":4,
                "2/25/20":4,
                "2/26/20":4,
                "2/27/20":4,
                "2/28/20":4,
                "2/29/20":4,
                "2/3/20":4,
                "2/4/20":4,
                "2/5/20":4,
                "2/6/20":4,
                "2/7/20":4,
                "2/8/20":4,
                "2/9/20":4,
                "3/1/20":6,
                "3/10/20":55,
                "3/11/20":65,
                "3/12/20":65,
                "3/13/20":92,
                "3/14/20":112,
                "3/15/20":134,
                "3/2/20":6,
                "3/3/20":13,
                "3/4/20":22,
                "3/5/20":22,
                "3/6/20":26,
                "3/7/20":28,
                "3/8/20":38,
                "3/9/20":48
            },
            "latest":134,
            "province":"New South Wales"
        },
        {
            "coordinates":{
                "lat":"-37.8136",
                "long":"144.9631"
            },
            "country":"Australia",
            "country_code":"AU",
            "continent_codes_set":["OCE"],
            "history":{
                "1/22/20":0,
                "1/23/20":0,
                "1/24/20":0,
                "1/25/20":0,
                "1/26/20":1,
                "1/27/20":1,
                "1/28/20":1,
                "1/29/20":1,
                "1/30/20":2,
                "1/31/20":3,
                "2/1/20":4,
                "2/10/20":4,
                "2/11/20":4,
                "2/12/20":4,
                "2/13/20":4,
                "2/14/20":4,
                "2/15/20":4,
                "2/16/20":4,
                "2/17/20":4,
                "2/18/20":4,
                "2/19/20":4,
                "2/2/20":4,
                "2/20/20":4,
                "2/21/20":4,
                "2/22/20":4,
                "2/23/20":4,
                "2/24/20":4,
                "2/25/20":4,
                "2/26/20":4,
                "2/27/20":4,
                "2/28/20":4,
                "2/29/20":7,
                "2/3/20":4,
                "2/4/20":4,
                "2/5/20":4,
                "2/6/20":4,
                "2/7/20":4,
                "2/8/20":4,
                "2/9/20":4,
                "3/1/20":7,
                "3/10/20":18,
                "3/11/20":21,
                "3/12/20":21,
                "3/13/20":36,
                "3/14/20":49,
                "3/15/20":57,
                "3/2/20":9,
                "3/3/20":9,
                "3/4/20":10,
                "3/5/20":10,
                "3/6/20":10,
                "3/7/20":11,
                "3/8/20":11,
                "3/9/20":15
            },
            "latest":57,
            "province":"Victoria"
        },
        {
            "coordinates":{
                "lat":"-28.0167",
                "long":"153.4"
            },
            "country":"Australia",
            "country_code":"AU",
            "continent_codes_set":["OCE"],
            "history":{
                "1/22/20":0,
                "1/23/20":0,
                "1/24/20":0,
                "1/25/20":0,
                "1/26/20":0,
                "1/27/20":0,
                "1/28/20":0,
                "1/29/20":1,
                "1/30/20":3,
                "1/31/20":2,
                "2/1/20":3,
                "2/10/20":5,
                "2/11/20":5,
                "2/12/20":5,
                "2/13/20":5,
                "2/14/20":5,
                "2/15/20":5,
                "2/16/20":5,
                "2/17/20":5,
                "2/18/20":5,
                "2/19/20":5,
                "2/2/20":2,
                "2/20/20":5,
                "2/21/20":5,
                "2/22/20":5,
                "2/23/20":5,
                "2/24/20":5,
                "2/25/20":5,
                "2/26/20":5,
                "2/27/20":5,
                "2/28/20":5,
                "2/29/20":9,
                "2/3/20":2,
                "2/4/20":3,
                "2/5/20":3,
                "2/6/20":4,
                "2/7/20":5,
                "2/8/20":5,
                "2/9/20":5,
                "3/1/20":9,
                "3/10/20":18,
                "3/11/20":20,
                "3/12/20":20,
                "3/13/20":35,
                "3/14/20":46,
                "3/15/20":61,
                "3/2/20":9,
                "3/3/20":11,
                "3/4/20":11,
                "3/5/20":13,
                "3/6/20":13,
                "3/7/20":13,
                "3/8/20":15,
                "3/9/20":15
            },
            "latest":61,
            "province":"Queensland"
        },
        {
            "coordinates":{
                "lat":"11.55",
                "long":"104.9167"
            },
            "country":"Cambodia",
            "country_code":"KH",
            "continent_codes_set":["ASI"],
            "history":{
                "1/22/20":0,
                "1/23/20":0,
                "1/24/20":0,
                "1/25/20":0,
                "1/26/20":0,
                "1/27/20":1,
                "1/28/20":1,
                "1/29/20":1,
                "1/30/20":1,
                "1/31/20":1,
                "2/1/20":1,
                "2/10/20":1,
                "2/11/20":1,
                "2/12/20":1,
                "2/13/20":1,
                "2/14/20":1,
                "2/15/20":1,
                "2/16/20":1,
                "2/17/20":1,
                "2/18/20":1,
                "2/19/20":1,
                "2/2/20":1,
                "2/20/20":1,
                "2/21/20":1,
                "2/22/20":1,
                "2/23/20":1,
                "2/24/20":1,
                "2/25/20":1,
                "2/26/20":1,
                "2/27/20":1,
                "2/28/20":1,
                "2/29/20":1,
                "2/3/20":1,
                "2/4/20":1,
                "2/5/20":1,
                "2/6/20":1,
                "2/7/20":1,
                "2/8/20":1,
                "2/9/20":1,
                "3/1/20":1,
                "3/10/20":2,
                "3/11/20":3,
                "3/12/20":3,
                "3/13/20":5,
                "3/14/20":7,
                "3/15/20":7,
                "3/2/20":1,
                "3/3/20":1,
                "3/4/20":1,
                "3/5/20":1,
                "3/6/20":1,
                "3/7/20":1,
                "3/8/20":2,
                "3/9/20":2
            },
            "latest":7,
            "province":""
        }
    ],
    "source":"https://github.com/ExpDev07/coronavirus-tracker-api"
}
