{
    "locations":[
        {
            "coordinates":{
                "latitude":"15",
                "longitude":"101"
            },
            "country":"Thailand",
            "country_code":"TH",
            "continent_codes_set":["ASI"],
            "id":0,
            "latest":{
                "confirmed":114,
                "deaths":114,
                "recovered":114
            },
            "province":""
        },
        {
            "coordinates":{
                "latitude":"36",
                "longitude":"138"
            },
            "country":"Japan",
            "country_code":"JP",
            "continent_codes_set":["ASI"],
            "id":1,
            "latest":{
                "confirmed":839,
                "deaths":839,
                "recovered":839
            },
            "province":""
        },
        {
            "coordinates":{
                "latitude":"1.2833",
                "longitude":"103.8333"
            },
            "country":"Singapore",
            "country_code":"SG",
            "continent_codes_set":["ASI"],
            "id":2,
            "latest":{
                "confirmed":226,
                "deaths":226,
                "recovered":226
            },
            "province":""
        },
        {
            "coordinates":{
                "latitude":"28.1667",
                "longitude":"84.25"
            },
            "country":"Nepal",
            "country_code":"NP",
            "continent_codes_set":["ASI"],
            "id":3,
            "latest":{
                "confirmed":1,
                "deaths":1,
                "recovered":1
            },
            "province":""
        },
        {
            "coordinates":{
                "latitude":"2.5",
                "longitude":"112.5"
            },
            "country":"Malaysia",
            "country_code":"MY",
            "continent_codes_set":["ASI"],
            "id":4,
            "latest":{
                "confirmed":428,
                "deaths":428,
                "recovered":428
            },
            "province":""
        },
        {
            "coordinates":{
                "latitude":"49.2827",
                "longitude":"-123.1207"
            },
            "country":"Canada",
            "country_code":"CA",
            "continent_codes_set":["NAC"],
            "id":5,
            "latest":{
                "confirmed":73,
                "deaths":73,
                "recovered":73
            },
            "province":"British Columbia"
        },
        {
            "coordinates":{
                "latitude":"-33.8688",
                "longitude":"151.2093"
            },
            "country":"Australia",
            "country_code":"AU",
            "continent_codes_set":["OCE"],
            "id":6,
            "latest":{
                "confirmed":134,
                "deaths":134,
                "recovered":134
            },
            "province":"New South Wales"
        },
        {
            "coordinates":{
                "latitude":"-37.8136",
                "longitude":"144.9631"
            },
            "country":"Australia",
            "country_code":"AU",
            "continent_codes_set":["OCE"],
            "id":7,
            "latest":{
                "confirmed":57,
                "deaths":57,
                "recovered":57
            },
            "province":"Victoria"
        },
        {
            "coordinates":{
                "latitude":"-28.0167",
                "longitude":"153.4"
            },
            "country":"Australia",
            "country_code":"AU",
            "continent_codes_set":["OCE"],
            "id":8,
            "latest":{
                "confirmed":61,
                "deaths":61,
                "recovered":61
            },
            "province":"Queensland"
        },
        {
            "coordinates":{
                "latitude":"11.55",
                "longitude":"104.9167"
            },
            "country":"Cambodia",
            "country_code":"KH",
            "continent_codes_set":["ASI"],
            "id":9,
            "latest":{
                "confirmed":7,
                "deaths":7,
                "recovered":7
            },
            "province":""
        }
    ]
}
