{
    "location":{
        "coordinates":{
            "latitude":"36",
            "longitude":"138"
        },
        "country":"Japan",
        "country_code":"JP",
        "id":1,
        "latest":{
            "confirmed":839,
            "deaths":839,
            "recovered":839
        },
        "province":"",
        "timelines":{
            "confirmed":{
                "latest":839,
                "timeline":{
                    "2020-01-22T00:00:00Z":2,
                    "2020-01-23T00:00:00Z":1,
                    "2020-01-24T00:00:00Z":2,
                    "2020-01-25T00:00:00Z":2,
                    "2020-01-26T00:00:00Z":4,
                    "2020-01-27T00:00:00Z":4,
                    "2020-01-28T00:00:00Z":7,
                    "2020-01-29T00:00:00Z":7,
                    "2020-01-30T00:00:00Z":11,
                    "2020-01-31T00:00:00Z":15,
                    "2020-02-01T00:00:00Z":20,
                    "2020-02-02T00:00:00Z":20,
                    "2020-02-03T00:00:00Z":20,
                    "2020-02-04T00:00:00Z":22,
                    "2020-02-05T00:00:00Z":22,
                    "2020-02-06T00:00:00Z":45,
                    "2020-02-07T00:00:00Z":25,
                    "2020-02-08T00:00:00Z":25,
                    "2020-02-09T00:00:00Z":26,
                    "2020-02-10T00:00:00Z":26,
                    "2020-02-11T00:00:00Z":26,
                    "2020-02-12T00:00:00Z":28,
                    "2020-02-13T00:00:00Z":28,
                    "2020-02-14T00:00:00Z":29,
                    "2020-02-15T00:00:00Z":43,
                    "2020-02-16T00:00:00Z":59,
                    "2020-02-17T00:00:00Z":66,
                    "2020-02-18T00:00:00Z":74,
                    "2020-02-19T00:00:00Z":84,
                    "2020-02-20T00:00:00Z":94,
                    "2020-02-21T00:00:00Z":105,
                    "2020-02-22T00:00:00Z":122,
                    "2020-02-23T00:00:00Z":147,
                    "2020-02-24T00:00:00Z":159,
                    "2020-02-25T00:00:00Z":170,
                    "2020-02-26T00:00:00Z":189,
                    "2020-02-27T00:00:00Z":214,
                    "2020-02-28T00:00:00Z":228,
                    "2020-02-29T00:00:00Z":241,
                    "2020-03-01T00:00:00Z":256,
                    "2020-03-02T00:00:00Z":274,
                    "2020-03-03T00:00:00Z":293,
                    "2020-03-04T00:00:00Z":331,
                    "2020-03-05T00:00:00Z":360,
                    "2020-03-06T00:00:00Z":420,
                    "2020-03-07T00:00:00Z":461,
                    "2020-03-08T00:00:00Z":502,
                    "2020-03-09T00:00:00Z":511,
                    "2020-03-10T00:00:00Z":581,
                    "2020-03-11T00:00:00Z":639,
                    "2020-03-12T00:00:00Z":639,
                    "2020-03-13T00:00:00Z":701,
                    "2020-03-14T00:00:00Z":773,
                    "2020-03-15T00:00:00Z":839
                }
            },
            "deaths":{
                "latest":839,
                "timeline":{
                    "2020-01-22T00:00:00Z":2,
                    "2020-01-23T00:00:00Z":1,
                    "2020-01-24T00:00:00Z":2,
                    "2020-01-25T00:00:00Z":2,
                    "2020-01-26T00:00:00Z":4,
                    "2020-01-27T00:00:00Z":4,
                    "2020-01-28T00:00:00Z":7,
                    "2020-01-29T00:00:00Z":7,
                    "2020-01-30T00:00:00Z":11,
                    "2020-01-31T00:00:00Z":15,
                    "2020-02-01T00:00:00Z":20,
                    "2020-02-02T00:00:00Z":20,
                    "2020-02-03T00:00:00Z":20,
                    "2020-02-04T00:00:00Z":22,
                    "2020-02-05T00:00:00Z":22,
                    "2020-02-06T00:00:00Z":45,
                    "2020-02-07T00:00:00Z":25,
                    "2020-02-08T00:00:00Z":25,
                    "2020-02-09T00:00:00Z":26,
                    "2020-02-10T00:00:00Z":26,
                    "2020-02-11T00:00:00Z":26,
                    "2020-02-12T00:00:00Z":28,
                    "2020-02-13T00:00:00Z":28,
                    "2020-02-14T00:00:00Z":29,
                    "2020-02-15T00:00:00Z":43,
                    "2020-02-16T00:00:00Z":59,
                    "2020-02-17T00:00:00Z":66,
                    "2020-02-18T00:00:00Z":74,
                    "2020-02-19T00:00:00Z":84,
                    "2020-02-20T00:00:00Z":94,
                    "2020-02-21T00:00:00Z":105,
                    "2020-02-22T00:00:00Z":122,
                    "2020-02-23T00:00:00Z":147,
                    "2020-02-24T00:00:00Z":159,
                    "2020-02-25T00:00:00Z":170,
                    "2020-02-26T00:00:00Z":189,
                    "2020-02-27T00:00:00Z":214,
                    "2020-02-28T00:00:00Z":228,
                    "2020-02-29T00:00:00Z":241,
                    "2020-03-01T00:00:00Z":256,
                    "2020-03-02T00:00:00Z":274,
                    "2020-03-03T00:00:00Z":293,
                    "2020-03-04T00:00:00Z":331,
                    "2020-03-05T00:00:00Z":360,
                    "2020-03-06T00:00:00Z":420,
                    "2020-03-07T00:00:00Z":461,
                    "2020-03-08T00:00:00Z":502,
                    "2020-03-09T00:00:00Z":511,
                    "2020-03-10T00:00:00Z":581,
                    "2020-03-11T00:00:00Z":639,
                    "2020-03-12T00:00:00Z":639,
                    "2020-03-13T00:00:00Z":701,
                    "2020-03-14T00:00:00Z":773,
                    "2020-03-15T00:00:00Z":839
                }
            },
            "recovered":{
                "latest":839,
                "timeline":{
                    "2020-01-22T00:00:00Z":2,
                    "2020-01-23T00:00:00Z":1,
                    "2020-01-24T00:00:00Z":2,
                    "2020-01-25T00:00:00Z":2,
                    "2020-01-26T00:00:00Z":4,
                    "2020-01-27T00:00:00Z":4,
                    "2020-01-28T00:00:00Z":7,
                    "2020-01-29T00:00:00Z":7,
                    "2020-01-30T00:00:00Z":11,
                    "2020-01-31T00:00:00Z":15,
                    "2020-02-01T00:00:00Z":20,
                    "2020-02-02T00:00:00Z":20,
                    "2020-02-03T00:00:00Z":20,
                    "2020-02-04T00:00:00Z":22,
                    "2020-02-05T00:00:00Z":22,
                    "2020-02-06T00:00:00Z":45,
                    "2020-02-07T00:00:00Z":25,
                    "2020-02-08T00:00:00Z":25,
                    "2020-02-09T00:00:00Z":26,
                    "2020-02-10T00:00:00Z":26,
                    "2020-02-11T00:00:00Z":26,
                    "2020-02-12T00:00:00Z":28,
                    "2020-02-13T00:00:00Z":28,
                    "2020-02-14T00:00:00Z":29,
                    "2020-02-15T00:00:00Z":43,
                    "2020-02-16T00:00:00Z":59,
                    "2020-02-17T00:00:00Z":66,
                    "2020-02-18T00:00:00Z":74,
                    "2020-02-19T00:00:00Z":84,
                    "2020-02-20T00:00:00Z":94,
                    "2020-02-21T00:00:00Z":105,
                    "2020-02-22T00:00:00Z":122,
                    "2020-02-23T00:00:00Z":147,
                    "2020-02-24T00:00:00Z":159,
                    "2020-02-25T00:00:00Z":170,
                    "2020-02-26T00:00:00Z":189,
                    "2020-02-27T00:00:00Z":214,
                    "2020-02-28T00:00:00Z":228,
                    "2020-02-29T00:00:00Z":241,
                    "2020-03-01T00:00:00Z":256,
                    "2020-03-02T00:00:00Z":274,
                    "2020-03-03T00:00:00Z":293,
                    "2020-03-04T00:00:00Z":331,
                    "2020-03-05T00:00:00Z":360,
                    "2020-03-06T00:00:00Z":420,
                    "2020-03-07T00:00:00Z":461,
                    "2020-03-08T00:00:00Z":502,
                    "2020-03-09T00:00:00Z":511,
                    "2020-03-10T00:00:00Z":581,
                    "2020-03-11T00:00:00Z":639,
                    "2020-03-12T00:00:00Z":639,
                    "2020-03-13T00:00:00Z":701,
                    "2020-03-14T00:00:00Z":773,
                    "2020-03-15T00:00:00Z":839
                }
            }
        }
    }
}
